// Jest Snapshot v1, https://goo.gl/fbAQLP

exports[`card component renders UI as expected 1`] = `
<div
  className="Card"
>
  <h3>
    card
  </h3>
  <p>
    card
  </p>
</div>
`;
