// Jest Snapshot v1, https://goo.gl/fbAQLP

exports[`list component renders UI as expected 1`] = `
<section
  className="List"
>
  <header>
    <h2>
      list
    </h2>
  </header>
  <div
    className="List-cards"
  >
    <div
      className="Card"
    >
      <h3 />
      <p />
    </div>
    <div
      className="Card"
    >
      <h3 />
      <p />
    </div>
  </div>
</section>
`;
